
[happy day with git config and yaml:stdout - 1]
{"success":true,"components":[{"name":"Unnamed","containerImage":"${REGISTRY}/acceptance/ec-happy-day@${REGISTRY_acceptance/ec-happy-day:latest_HASH}","source":{},"successes":[{"msg":"Pass","metadata":{"code":"builtin.attestation.signature_check"}},{"msg":"Pass","metadata":{"code":"builtin.attestation.syntax_check"}},{"msg":"Pass","metadata":{"code":"builtin.image.signature_check"}},{"msg":"Pass","metadata":{"code":"main.acceptor"}}],"success":true,"signatures":[{"keyid":"${IMAGE_SIGNATURE_KEY_ID_acceptance/ec-happy-day}","sig": "${IMAGE_SIGNATURE_acceptance/ec-happy-day}"}],"attestations":[{"type":"https://in-toto.io/Statement/v0.1","predicateType":"https://slsa.dev/provenance/v0.2","predicateBuildType":"https://tekton.dev/attestations/chains/pipelinerun@v2","signatures":[{"keyid":"${ATTESTATION_SIGNATURE_KEY_ID_acceptance/ec-happy-day}","sig":"${ATTESTATION_SIGNATURE_acceptance/ec-happy-day}"}]}]}],"key":"","policy":{"sources":[{"policy":["git::https://${GITHOST}/git/happy-day-policy.git"]}],"rekorUrl":"${REKOR}","publicKey":"${known_PUBLIC_KEY}"},"ec-version":"${EC_VERSION}","effective-time":"${TIMESTAMP}"}
---

[happy day with git config and yaml:stderr - 1]

---

